QNode
    { lt = QNode
        { lt = QLeaf { value = Nothing }
        , rt = QNode
            { lt = QLeaf { value = Nothing }
            , rt = QLeaf { value = Nothing }
            , ll = QLeaf
                { value = Just 3 }
            , rl = QLeaf { value = Nothing }
            }
        , ll = QLeaf { value = Nothing }
        , rl = QNode
            { lt = QLeaf
                { value = Just 2 }
            , rt = QLeaf
                { value = Just 1 }
            , ll = QLeaf { value = Nothing }
            , rl = QLeaf { value = Nothing }
            }
        }
    , rt = QLeaf { value = Nothing }
    , ll = QLeaf { value = Nothing }
    , rl = QLeaf { value = Nothing }
    }